// Jest Snapshot v1, https://goo.gl/fbAQLP

exports[`TxHeading should render correctly  1`] = `ShallowWrapper {}`;
