// Jest Snapshot v1, https://goo.gl/fbAQLP

exports[`TxDraggableCard should render correctly  1`] = `ShallowWrapper {}`;
