// Jest Snapshot v1, https://goo.gl/fbAQLP

exports[`TxInput should render correctly  1`] = `ShallowWrapper {}`;
