// Jest Snapshot v1, https://goo.gl/fbAQLP

exports[`TxButton should render correctly  1`] = `ShallowWrapper {}`;
