// Jest Snapshot v1, https://goo.gl/fbAQLP

exports[`TxHome should render correctly  1`] = `ShallowWrapper {}`;
