// Jest Snapshot v1, https://goo.gl/fbAQLP

exports[`TxMenu should render correctly  1`] = `ShallowWrapper {}`;
